No files changed, compilation skipped

Ran 6 tests for test/MemeFactory.t.sol:MemeFactoryTest
[PASS] testFeeDistribution() (gas: 411323)
[PASS] testInsufficientPayment() (gas: 327475)
[PASS] testMintAmountAndSupplyLimit() (gas: 616162)
[PASS] testPerMintCorrect() (gas: 557744)
[PASS] testRefundExcessPayment() (gas: 415372)
[PASS] testUsesClones() (gas: 586111)
Suite result: ok. 6 passed; 0 failed; 0 skipped; finished in 5.64ms (8.05ms CPU time)

╭------------------------------------------+-----------------+--------+--------+--------+---------╮
| src/MemeFactory.sol:MemeFactory Contract |                 |        |        |        |         |
+=================================================================================================+
| Deployment Cost                          | Deployment Size |        |        |        |         |
|------------------------------------------+-----------------+--------+--------+--------+---------|
| 1753840                                  | 7978            |        |        |        |         |
|------------------------------------------+-----------------+--------+--------+--------+---------|
|                                          |                 |        |        |        |         |
|------------------------------------------+-----------------+--------+--------+--------+---------|
| Function Name                            | Min             | Avg    | Median | Max    | # Calls |
|------------------------------------------+-----------------+--------+--------+--------+---------|
| deployMeme                               | 256909          | 271567 | 274009 | 274033 | 7       |
|------------------------------------------+-----------------+--------+--------+--------+---------|
| mintMeme                                 | 30376           | 92234  | 105917 | 118010 | 8       |
╰------------------------------------------+-----------------+--------+--------+--------+---------╯

╭--------------------------------------+-----------------+--------+--------+--------+---------╮
| src/MemeToken.sol:MemeToken Contract |                 |        |        |        |         |
+=============================================================================================+
| Deployment Cost                      | Deployment Size |        |        |        |         |
|--------------------------------------+-----------------+--------+--------+--------+---------|
| 0                                    | 3769            |        |        |        |         |
|--------------------------------------+-----------------+--------+--------+--------+---------|
|                                      |                 |        |        |        |         |
|--------------------------------------+-----------------+--------+--------+--------+---------|
| Function Name                        | Min             | Avg    | Median | Max    | # Calls |
|--------------------------------------+-----------------+--------+--------+--------+---------|
| balanceOf                            | 2802            | 2802   | 2802   | 2802   | 4       |
|--------------------------------------+-----------------+--------+--------+--------+---------|
| creator                              | 2509            | 2509   | 2509   | 2509   | 6       |
|--------------------------------------+-----------------+--------+--------+--------+---------|
| currentSupply                        | 2469            | 2469   | 2469   | 2469   | 4       |
|--------------------------------------+-----------------+--------+--------+--------+---------|
| initialize                           | 157607          | 157607 | 157607 | 157607 | 7       |
|--------------------------------------+-----------------+--------+--------+--------+---------|
| mint                                 | 9522            | 42936  | 54205  | 54205  | 7       |
|--------------------------------------+-----------------+--------+--------+--------+---------|
| perMint                              | 470             | 470    | 470    | 470    | 6       |
|--------------------------------------+-----------------+--------+--------+--------+---------|
| price                                | 2513            | 2513   | 2513   | 2513   | 8       |
|--------------------------------------+-----------------+--------+--------+--------+---------|
| symbol                               | 3477            | 3477   | 3477   | 3477   | 2       |
|--------------------------------------+-----------------+--------+--------+--------+---------|
| totalSupply                          | 2492            | 2492   | 2492   | 2492   | 2       |
╰--------------------------------------+-----------------+--------+--------+--------+---------╯


Ran 1 test suite in 10.16ms (5.64ms CPU time): 6 tests passed, 0 failed, 0 skipped (6 total tests)
